10:54:59 **** Incremental Build of configuration Debug for project 09_ADC_Degeri_ile_Deger_Okuma ****
make -j12 all 
arm-none-eabi-gcc "../Core/Src/main.c" -mcpu=cortex-m4 -std=gnu11 -g3 -DDEBUG -DUSE_HAL_DRIVER -DSTM32F407xx -c -I../Core/Inc -I../Drivers/STM32F4xx_HAL_Driver/Inc -I../Drivers/STM32F4xx_HAL_Driver/Inc/Legacy -I../Drivers/CMSIS/Device/ST/STM32F4xx/Include -I../Drivers/CMSIS/Include -O0 -ffunction-sections -fdata-sections -Wall -fstack-usage -fcyclomatic-complexity -MMD -MP -MF"Core/Src/main.d" -MT"Core/Src/main.o" --specs=nano.specs -mfpu=fpv4-sp-d16 -mfloat-abi=hard -mthumb -o "Core/Src/main.o"
arm-none-eabi-gcc "../Core/Src/stm32f4xx_it.c" -mcpu=cortex-m4 -std=gnu11 -g3 -DDEBUG -DUSE_HAL_DRIVER -DSTM32F407xx -c -I../Core/Inc -I../Drivers/STM32F4xx_HAL_Driver/Inc -I../Drivers/STM32F4xx_HAL_Driver/Inc/Legacy -I../Drivers/CMSIS/Device/ST/STM32F4xx/Include -I../Drivers/CMSIS/Include -O0 -ffunction-sections -fdata-sections -Wall -fstack-usage -fcyclomatic-complexity -MMD -MP -MF"Core/Src/stm32f4xx_it.d" -MT"Core/Src/stm32f4xx_it.o" --specs=nano.specs -mfpu=fpv4-sp-d16 -mfloat-abi=hard -mthumb -o "Core/Src/stm32f4xx_it.o"
arm-none-eabi-gcc -o "09_ADC_Degeri_ile_Deger_Okuma.elf" @"objects.list"   -mcpu=cortex-m4 -T"C:\Users\ismet\STM32CubeIDE\workspace_1.19.0\09_ADC_Degeri_ile_Deger_Okuma\STM32F407VGTX_FLASH.ld" --specs=nosys.specs -Wl,-Map="09_ADC_Degeri_ile_Deger_Okuma.map" -Wl,--gc-sections -static --specs=nano.specs -mfpu=fpv4-sp-d16 -mfloat-abi=hard -mthumb -Wl,--start-group -lc -lm -Wl,--end-group
Finished building target: 09_ADC_Degeri_ile_Deger_Okuma.elf
 
arm-none-eabi-size  09_ADC_Degeri_ile_Deger_Okuma.elf 
arm-none-eabi-objdump -h -S 09_ADC_Degeri_ile_Deger_Okuma.elf  > "09_ADC_Degeri_ile_Deger_Okuma.list"
   text	   data	    bss	    dec	    hex	filename
   8436	     12	   1644	  10092	   276c	09_ADC_Degeri_ile_Deger_Okuma.elf
Finished building: default.size.stdout
 
Finished building: 09_ADC_Degeri_ile_Deger_Okuma.list
 

10:55:00 Build Finished. 0 errors, 0 warnings. (took 931ms)

