13:23:22 **** Incremental Build of configuration Debug for project 12_ADC_Dahili_Sicaklik_Sensoru ****
make -j12 all 
arm-none-eabi-gcc "../Core/Src/main.c" -mcpu=cortex-m4 -std=gnu11 -g3 -DDEBUG -DUSE_HAL_DRIVER -DSTM32F407xx -c -I../Core/Inc -I../Drivers/STM32F4xx_HAL_Driver/Inc -I../Drivers/STM32F4xx_HAL_Driver/Inc/Legacy -I../Drivers/CMSIS/Device/ST/STM32F4xx/Include -I../Drivers/CMSIS/Include -O0 -ffunction-sections -fdata-sections -Wall -fstack-usage -fcyclomatic-complexity -MMD -MP -MF"Core/Src/main.d" -MT"Core/Src/main.o" --specs=nano.specs -mfpu=fpv4-sp-d16 -mfloat-abi=hard -mthumb -o "Core/Src/main.o"
../Core/Src/main.c:52:9: warning: built-in function 'index' declared as non-function [-Wbuiltin-declaration-mismatch]
   52 | uint8_t index;
      |         ^~~~~
arm-none-eabi-gcc -o "12_ADC_Dahili_Sicaklik_Sensoru.elf" @"objects.list"   -mcpu=cortex-m4 -T"C:\Users\ismet\STM32CubeIDE\workspace_1.19.0\12_ADC_Dahili_Sicaklik_Sensoru\STM32F407VGTX_FLASH.ld" --specs=nosys.specs -Wl,-Map="12_ADC_Dahili_Sicaklik_Sensoru.map" -Wl,--gc-sections -static --specs=nano.specs -mfpu=fpv4-sp-d16 -mfloat-abi=hard -mthumb -Wl,--start-group -lc -lm -Wl,--end-group
Finished building target: 12_ADC_Dahili_Sicaklik_Sensoru.elf
 
arm-none-eabi-size  12_ADC_Dahili_Sicaklik_Sensoru.elf 
arm-none-eabi-objdump -h -S 12_ADC_Dahili_Sicaklik_Sensoru.elf  > "12_ADC_Dahili_Sicaklik_Sensoru.list"
   text	   data	    bss	    dec	    hex	filename
   9240	     12	   1676	  10928	   2ab0	12_ADC_Dahili_Sicaklik_Sensoru.elf
Finished building: default.size.stdout
 
Finished building: 12_ADC_Dahili_Sicaklik_Sensoru.list
 

13:23:22 Build Finished. 0 errors, 1 warnings. (took 766ms)

