15:00:44 **** Incremental Build of configuration Debug for project 05_Buton_Durumu_ile_Led_Kontrolu ****
make -j12 all 
arm-none-eabi-size  05_Buton_Durumu_ile_Led_Kontrolu.elf 
   text	   data	    bss	    dec	    hex	filename
   5872	     12	   1572	   7456	   1d20	05_Buton_Durumu_ile_Led_Kontrolu.elf
Finished building: default.size.stdout
 
15:00:50 **** Incremental Build of configuration Debug for project 05_Buton_Durumu_ile_Led_Kontrolu ****
make -j12 all 
arm-none-eabi-size  05_Buton_Durumu_ile_Led_Kontrolu.elf 
   text	   data	    bss	    dec	    hex	filename
   5872	     12	   1572	   7456	   1d20	05_Buton_Durumu_ile_Led_Kontrolu.elf
Finished building: default.size.stdout
 
